                        ; --------------------------------------
                        ; zasm: assemble "mon_0100.asm"
                        ; date: 2025-10-23 21:59:40
                        ; --------------------------------------


                        ; macros
                        clrcf:	macro		; clear carry flag
                        		and 	a
                        		endm
                        ;
                        clra: 	macro
                        		xor 	a
                        		endm
                        ;
                        ; I/O port
                        ;
0000:                   CONSTA 	equ 	0
0001:                   CONIO 	equ 	1
                        ;CONOUT equ 	2
0080:                   CLKMODE	equ 	128
0081:                   LED7SEG	equ 	129
                        ;
                        ;
                        ; a  ... workspace reg.
                        ; b  ... workspace reg. dnjz counter
                        ; c  ... command
                        ; de ... address
                        ;
                        
                        ; rom subroutines;
                        ;
                        
0100:                           org     00100h
0100:                   mon:            ;entry point
0100: 110000   [10]     		ld 		de, 0
0103: ED538003 [30]     		ld 		(OADDR), de
0107: ED538203 [50]     		ld 		(CADDR), de
010B:                   read_line:
010B: 210003   [10]     		ld 		hl, lbuf 	; line buffer
                        		; ld 		c, BUFSIZE	; line buffer size (except null terminal)
010E: CDC901   [27]     		call	getln
0111: 210003   [37]     		ld 		hl, lbuf
0114: 7E       [44]     		ld 		a, (hl)
                        ; no arity commands
0115: FE00     [51]     		cp 		$0 		; line is empty
0117: 2846     [58|63]  		jr 		z, default_dump
                        		;
0119: FE48     [65]     		cp 		'H' 	; begins with H
011B: CAC001   [75|75]  		jp 		z, mon_halt
                        		;
011E: FE2E     [82]     		cp 		'.'		; begins with .
0120: 2829     [89|94]  		jr 		z, specify_end
0122: FE3A     [96]     		cp 		':'		; begins with :
0124: 2868     [103|108]		jr 		z, write_mode
0126: FE53     [110]            cp      'S'
                        		;
                        ; specify start address and function
0128: 0E04     [117]    		ld 		c, 4
012A: CDDC02   [134]    		call 	hexstr_de
012D: ED538003 [154]    		ld 		(OADDR), de
                        		;
0131: 7E       [161]    		ld 		a, (hl)
0132: FE00     [168]    		cp 		$0
0134: 2829     [175|180]		jr 		z, default_dump
0136: FE2E     [182]    		cp		'.'
0138: 2811     [189|194]		jr 		z, specify_end
013A: FE3A     [196]    		cp		':'
013C: 2850     [203|208]		jr 		z, write_mode
013E: FE52     [210]    		cp		'R'
0140: 2873     [217|222]		jr 		z, run_mode
0142: FE53     [224]    		cp		'S'
0144: 2873     [231|236]		jr 		z, clk_mode
0146: CD4F02   [248]    		call 	print_err_msg
0149: 18B5     [260]    		jr 		mon		; OADDR and CADDR are possibly corrupted
                        		;
014B:                   specify_end:
014B: 23       [ 6]     		inc 	hl 		; next to '.'
014C: 0E04     [13]     		ld 		c, 4
014E: CDDC02   [30]     		call 	hexstr_de
0151: ED538203 [50]     		ld 		(CADDR), de
0155: 7E       [57]     		ld 		a, (hl)
0156: FE00     [64]     		cp 		0
0158: 2805     [71|76]  		jr 		z, default_dump
015A: CD4F02   [88]     		call 	print_err_msg
015D: 18A1     [100]    		jr 		mon		; OADDR and CADDR are possibly corrupted
                        		;
015F:                   default_dump:
015F: 2A8003   [16]     		ld 		hl, (OADDR)
0162: ED5B8203 [36]     		ld 		de, (CADDR)
0166: 7C       [40]     		ld 		a, h
0167: BA       [44]     		cp 		d 
0168: 2002     [51|56]  		jr 		nz, $+4 
016A: 7D       [55]     		ld 		a, l 
016B: BB       [59]     		cp 		e 
016C: 3809     [66|71]  		jr 		c, do_dump  ; start < end
016E: 2807     [73|78]  		jr 		z, do_dump  ; start == end
0170: 111000   [83]     		ld 		de, $10
0173: 19       [94]     		add 	hl, de
0174: 228203   [110]    		ld 		(CADDR), hl
                        		;
0177:                   do_dump:
0177: 2A8003   [16]     		ld 		hl, (OADDR)
017A: ED5B8203 [36]     		ld 		de, (CADDR)
017E: CD7502   [53]     		call 	dump
0181: 228003   [69]     		ld 		(OADDR), hl
0184: 110000   [79]     		ld 		de, 0
0187: ED538203 [99]     		ld 		(CADDR), de
018B: C30B01   [109]    		jp 		read_line
                                ;
018E:                   write_mode:
018E: 23       [ 6]     		inc 	hl 		; next to ':'
018F: 7E       [13]     		ld 		a, (hl)
0190: FE20     [20]     		cp 		' '
0192: 28FA     [27|32]  		jr 		z, write_mode
                        		;
0194: 0E02     [34]     		ld 		c, 2
0196: CDDC02   [51]     		call 	hexstr_de
0199: 79       [55]     		ld 		a, c 
019A: FE02     [62]     		cp 		a, 2
019C: 2814     [69|74]  		jr 		z, write_mode.exit	; no arg or illegal char
019E: DD2A8003 [89]     		ld 		ix, (OADDR)
01A2: DD7300   [108]    		ld 		(ix), e
01A5: DD23     [118]    		inc 	ix
01A7: DD228003 [138]    		ld 		(OADDR), ix
01AB: 7E       [145]    		ld 		a, (hl)
01AC: FE00     [152]    		cp 		0
01AE: 2802     [159|164]		jr 		z, write_mode.exit
01B0: 18DC     [171]    		jr 		write_mode
01B2:                   write_mode.exit
01B2: C30B01   [10]     		jp 		read_line
                        ;
01B5:                   run_mode:
01B5: 2A8003   [16]     		ld 		hl, (OADDR)
01B8: E9       [20]     		jp 		(hl)
                        ;;
                        ;  clockspeed change by output number to port 128
01B9:                   clk_mode:
01B9: 7B       [ 4]     		ld 		a, e
01BA: CDF302   [21]     		call 	clk_spd_change
01BD: C30B01   [31]     		jp 		read_line
                        ;
01C0:                   mon_halt:
01C0: 76       [ 4]     		halt
                        
                        
                        ; subroutines
                        ; getchar
01C1:                   getchar:
01C1: DB00     [11]     		in 		a, (CONSTA)
01C3: A7       [15]     		and 	a
01C4: 28FB     [22|27]  		jr 		z, getchar
01C6: DB01     [33]     		in 		a, (CONIO)
01C8: C9       [43]     		ret
                        
                        ; getlin
                        ; read up to c bytes into buffer pointed by hl, end with 0
                        ; hl ... line buffer pointer
                        ; c  .... buffer limit length
01C9:                   getln:
01C9: 3600     [10]     		ld 		(hl), 0
01CB: CD3E02   [27]     		call 	print_endl
01CE: 3E2A     [34]     		ld 		a, '*'
01D0: D301     [45]     		out 	(CONIO), a
                                ;
01D2:                   getln_wait:
01D2: CDC101   [17]     		call 	getchar
01D5: FE08     [24]     		cp 		$08 	;backspace
01D7: 2816     [31|36]  		jr 		z, getln_bkspc
01D9: FE7F     [38]     		cp 		$7f		; del
01DB: 2812     [45|50]  		jr 		z, getln_bkspc
01DD: FE1B     [52]     		cp 		$1b
01DF: 2823     [59|64]  		jr 		z, getln_escseq
01E1: FE0A     [66]     		cp 		$0a
01E3: 283C     [73|78]  		jr 		z, getln_end
01E5: FE0D     [80]     		cp 		$0d
01E7: 2838     [87|92]  		jr 		z, getln_end
                        ; other ctrl codes
01E9: FE20     [94]     		cp 		$20
01EB: 3027     [101|106]		jr 		nc, getln_echo_proceed
01ED: 18E3     [113]    		jr 		getln_wait
                        
01EF:                   getln_bkspc:
01EF: 7D       [ 4]     		ld 		a, l
01F0: A7       [ 8]     		and 	a
01F1: 28DF     [15|20]  		jr 		z, getln_wait
01F3: 3E08     [22]     		ld 		a, $08
01F5: D301     [33]     		out 	(CONIO), a
01F7: 3E20     [40]     		ld 		a, ' '
01F9: D301     [51]     		out 	(CONIO), a
01FB: 3E08     [58]     		ld 		a, $08
01FD: D301     [69]     		out 	(CONIO), a
01FF: 2D       [73]     		dec 	l
0200: 3600     [83]     		ld 		(hl), $0
0202: 18CE     [95]     		jr 		getln_wait
                        
0204:                   getln_escseq:
0204: CDC101   [17]     		call  	getchar
0207: FE5B     [24]     		cp 		'['
0209: 20C7     [31|36]  		jr 		nz, getln_wait
020B: CDC101   [48]     		call 	getchar
020E: FE44     [55]     		cp 		'D'
0210: 28DD     [62|67]  		jr 		z, getln_bkspc
0212: 18BE     [74]     		jr 		getln_wait
                        
0214:                   getln_echo_proceed:
0214: D301     [11]     		out 	(CONIO), a 		; echo back
                        		;
0216: 77       [18]     		ld 		(hl),a		; *ptr++ = a
0217: 2C       [22]     		inc 	l
0218: 3600     [32]     		ld 		(hl), $0	; *ptr = NULL
021A: 7D       [36]     		ld 		a, l
021B: FEFF     [43]     		cp 		$ff
021D: 2802     [50|55]  		jr 		z, getln_end  ; force terminate line
021F: 18B1     [62]     		jr 		getln_wait
                        
0221:                   getln_end:	; parse lbuf
0221: C9       [10]     		ret
                        
                        ;
                        ; print a nibble in A
0222:                   print_nibble:
0222: E60F     [ 7]     		and 	$0f
0224: FE0A     [14]     		cp 		$a
0226: C630     [21]     		add 	'0'
0228: FE3A     [28]     		cp 		':'
022A: 3802     [35|40]  		jr 		c, print_nibble_out
022C: C607     [42]     		add 	7
022E:                   print_nibble_out:
022E: D301     [11]     		out 	(CONIO), a
0230: C9       [21]     		ret
                        
                        ; print a byte in A
0231:                   print_byte:
0231: F5       [11]     		push 	af
0232: 07       [15]     		rlca
0233: 07       [19]     		rlca
0234: 07       [23]     		rlca
0235: 07       [27]     		rlca
0236: CD2202   [44]     		call 	print_nibble
0239: F1       [54]     		pop 	af
023A: CD2202   [71]     		call 	print_nibble
023D: C9       [81]     		ret
                        
023E:                   print_endl:
023E: 3E0A     [ 7]     		ld 		a, $0a
0240: D301     [18]     		out 	(CONIO), A
0242: 3E0D     [25]     		ld 		a, $0d
0244: D301     [36]     		out 	(CONIO), A
0246: C9       [46]     		ret
                        ;
0247:                   print_str_hl:
0247: 7E       [ 7]     		ld 		a,(hl)
0248: A7       [11]     		and 	A
0249: C8       [16|22]  		ret 	z
024A: D301     [27]     		out 	(CONIO), a
024C: 23       [33]     		inc 	hl
024D: 18F8     [45]     		jr 		print_str_hl
                        ;
                        ;
024F:                   print_err_msg:
024F: E5       [11]     		push 	hl
0250: F5       [22]     		push 	af
0251: CD3E02   [39]     		call 	print_endl
0254: 216B02   [49]     		ld 		hl, str_err
0257: CD4702   [66]     		call 	print_str_hl
025A: F1       [76]     		pop 	af
025B: CD3102   [93]     		call 	print_byte
025E: CD3E02   [110]    		call 	print_endl
0261: E1       [120]    		pop 	hl
0262: 7C       [124]    		ld 		a, h
0263: CD3102   [141]    		call 	print_byte
0266: 7D       [145]    		ld 		a, l
0267: CD3102   [162]    		call 	print_byte
026A: C9       [172]    		ret
                        		;
026B:                   str_err:
026B: 0A0D6572          		db 	$0a, $0d, "error"
026F: 726F72            
0272:                   str_endl:
0272: 0A0D00            		db $0a, $0d, 0
                        ;
                        
                        ; dump : dump memory from OADDR to OADDR+2 (value)
                        ; hl ... start address (will be trucated)
                        ; de ... end address
                        ;
                        ; bc ... the original start address
                        
0275:                   dump:
0275: 44       [ 4]     	ld 		b, h
0276: 4D       [ 8]     	ld 		c, l
0277: 3EF0     [15]     	ld 		a, $F0
0279: A5       [19]     	and 	l
027A: 6F       [23]     	ld 		l, a
027B:                   dump.print_header:
027B: CD3E02   [17]     	call 	print_endl
027E: 78       [21]     	ld 		a, b
027F: CD3102   [38]     	call 	print_byte
0282: 79       [42]     	ld 		a, c
0283: CD3102   [59]     	call 	print_byte
0286: 3E20     [66]     	ld 		a, ' '
0288: D301     [77]     	out 	(CONIO), a
028A: 3E3A     [84]     	ld 		a, ':'
028C: D301     [95]     	out 	(CONIO), a
028E: 3E20     [102]    	ld 		a, ' '
0290: D301     [113]    	out 	(CONIO), a
                            ;
0292:                   dump.bytes:
                        	;cp 	bc, hl
0292: 78       [ 4]     	ld 		a, b
0293: BC       [ 8]     	cp 		h
0294: 2002     [15|20]  	jr 		nz, $+4
0296: 79       [19]     	ld 		a, c
0297: BD       [23]     	cp 		l
                        	;
0298: 380A     [30|35]  	jr 		c, dump.print_byte
029A: 2808     [37|42]  	jr 		z, dump.print_byte
                        ; print two-spaces
029C: 3E20     [44]     	ld 		a, ' '
029E: D301     [55]     	out 	(CONIO), a
02A0: D301     [66]     	out 	(CONIO), a
02A2: 1804     [78]     	jr 		dump.print_spc
02A4:                   dump.print_byte
02A4: 7E       [ 7]     	ld 		a, (hl)
02A5: CD3102   [24]     	call 	print_byte
02A8:                   dump.print_spc:
02A8: 3E20     [ 7]     	ld 		a, ' '
02AA: D301     [18]     	out 	(CONIO), a
02AC: 23       [24]     	inc 	hl
                        	; cp 	de, hl
02AD: 7A       [28]     	ld 		a, d
02AE: BC       [32]     	cp 		h
02AF: 2002     [39|44]  	jr 		nz, $+4; dump.cp_de_hl_end
02B1: 7B       [43]     	ld 		a, e
02B2: BD       [47]     	cp 		l
                        	; cp 	de, hl end
02B3: C8       [52|58]  	ret 	z ; de == hl, then exit dump
02B4: D8       [57|63]  	ret 	c ; de < hl, then exit dump
02B5: 7D       [61]     	ld 		a, l 	; test whether the least 4 bits of address is zero
02B6: E60F     [68]     	and 	$0f
02B8: 20D8     [75|80]  	jr 		nz, dump.bytes
02BA: 44       [79]     	ld 		b, h 
02BB: 4D       [83]     	ld 		c, l
02BC: 18BD     [95]     	jr 		dump.print_header  ; if so print address header
                            ;
                        
                        ; convert one char expressing a hexadecimal digit 
                        ; in A reg. to nibble in A
                        ; set carry flag if got a wrong char
                        ;
02BE:                   hex2nib:
02BE: FE30     [ 7]     		cp 		'0'
02C0: D8       [12|18]  		ret 	c		; A < '0'
02C1: FE3A     [19]     		cp 		'9' + 1
02C3: 3003     [26|31]  		jr 		nc, hex2nib.alpha
02C5: D630     [33]     		sub 	'0' 	; A was digit, results carry reset
02C7: C9       [43]     		ret
02C8:                   hex2nib.alpha:
02C8: FE61     [ 7]     		cp 		'a'
02CA: 3806     [14|19]  		jr 		c, hex2nib.upper
02CC: FE67     [21]     		cp 		'f'+1
02CE: 3F       [25]     		ccf		; set carry if A >= 'f'+1
02CF: D8       [30|36]  		ret 	c
02D0: E6DF     [37]     		and 	$df		; a - f to upper char
02D2:                   hex2nib.upper:
02D2: FE41     [ 7]     		cp 		'A'
02D4: D8       [12|18]  		ret 	c
02D5: FE47     [19]     		cp      'F' + 1
02D7: 3F       [23]     		ccf
02D8: D8       [28|34]  		ret 	c      ; error if it is larger than 'F'
02D9: D637     [35]     		sub 	'A'-10
02DB: C9       [45]     		ret
                        
                        ; read hexadecimal string char upto 2 or 4 (set in C) 
                        ; bytes from (HL) and return int val in DE
                        ; if non hexdec char is encountered at (HL), returns with current de value without inc hl.
                        ; if C upper-limit bytes has been read, returns with current de value with increment hl.
                        ; A reg. hold the last char read from (HL).
                        ;
02DC:                   hexstr_de:
02DC: 110000   [10]     		ld      de, 0000h
02DF:                   hexstr_de.loop:
02DF: 7E       [ 7]     		ld      a, (hl)
02E0: CDBE02   [24]     		call 	hex2nib
02E3: D8       [29|35]  		ret 	c 			; encountered non-hexdec char.
02E4:                   hexstr_de.hex2nib_succ:
02E4: 0604     [ 7]     		ld 		b, 4
02E6:                   hexstr_de.rl4:
02E6: CB13     [ 8]     		rl      e		 ;rotate left entire de
02E8: CB12     [16]     		rl      d
02EA: 10FA     [24|29]  		djnz    hexstr_de.rl4
02EC: 83       [28]     		add 	e
02ED: 5F       [32]     		ld 		e, a
02EE: 23       [38]     		inc 	hl 		; 
02EF: 0D       [42]     		dec 	c
02F0: 20ED     [49|54]  		jr      nz, hexstr_de.loop
02F2: C9       [59]     		ret 			; return after c bytes read
                        
                        ;
02F3:                   clk_spd_change:
02F3: E607     [ 7]     		and 	$07
02F5: D380     [18]     		out		(CLKMODE), a
02F7: C9       [28]     		ret
                        ;
                        ; work space
                        			org 	0300h
0300:                   workspace:
0300: FFFFFFFF          lbuf: 		ds 		128
0304: FF...             
007F:                   BUFSIZE 	EQU 	127
0380: 0000              OADDR:		DB		0, 0
0382: 0000              CADDR:		DB		0, 0
0384: 00                STATE: 		DB 		0
                        ;


; +++ segments +++

#CODE          = $0100 =   256,  size = $0285 =   645

; +++ global symbols +++

BUFSIZE           = $007F =   127          mon_0100.asm:403 (unused)
CADDR             = $0382 =   898          mon_0100.asm:405
CLKMODE           = $0080 =   128          mon_0100.asm:15
CONIO             = $0001 =     1          mon_0100.asm:13
CONSTA            = $0000 =     0          mon_0100.asm:12
LED7SEG           = $0081 =   129          mon_0100.asm:16 (unused)
OADDR             = $0380 =   896          mon_0100.asm:404
STATE             = $0384 =   900          mon_0100.asm:406 (unused)
_end              = $0385 =   901          mon_0100.asm:28 (unused)
_size             = $0285 =   645          mon_0100.asm:28 (unused)
clk_mode          = $01B9 =   441          mon_0100.asm:132
clk_spd_change    = $02F3 =   755          mon_0100.asm:394
default_dump      = $015F =   351          mon_0100.asm:82
do_dump           = $0177 =   375          mon_0100.asm:96
dump              = $0275 =   629          mon_0100.asm:283
dump.bytes        = $0292 =   658          mon_0100.asm:302
dump.print_byte   = $02A4 =   676          mon_0100.asm:317
dump.print_header = $027B =   635          mon_0100.asm:289
dump.print_spc    = $02A8 =   680          mon_0100.asm:320
getchar           = $01C1 =   449          mon_0100.asm:143
getln             = $01C9 =   457          mon_0100.asm:154
getln_bkspc       = $01EF =   495          mon_0100.asm:177
getln_echo_proceed = $0214 =   532          mon_0100.asm:200
getln_end         = $0221 =   545          mon_0100.asm:211
getln_escseq      = $0204 =   516          mon_0100.asm:191
getln_wait        = $01D2 =   466          mon_0100.asm:160
hex2nib           = $02BE =   702          mon_0100.asm:345
hex2nib.alpha     = $02C8 =   712          mon_0100.asm:352
hex2nib.upper     = $02D2 =   722          mon_0100.asm:359
hexstr_de         = $02DC =   732          mon_0100.asm:374
hexstr_de.hex2nib_succ = $02E4 =   740          mon_0100.asm:380 (unused)
hexstr_de.loop    = $02DF =   735          mon_0100.asm:376
hexstr_de.rl4     = $02E6 =   742          mon_0100.asm:382
lbuf              = $0300 =   768          mon_0100.asm:402
mon               = $0100 =   256          mon_0100.asm:29
mon_halt          = $01C0 =   448          mon_0100.asm:137
print_byte        = $0231 =   561          mon_0100.asm:228
print_endl        = $023E =   574          mon_0100.asm:239
print_err_msg     = $024F =   591          mon_0100.asm:255
print_nibble      = $0222 =   546          mon_0100.asm:216
print_nibble_out  = $022E =   558          mon_0100.asm:223
print_str_hl      = $0247 =   583          mon_0100.asm:246
read_line         = $010B =   267          mon_0100.asm:33
run_mode          = $01B5 =   437          mon_0100.asm:127
specify_end       = $014B =   331          mon_0100.asm:71
str_endl          = $0272 =   626          mon_0100.asm:273 (unused)
str_err           = $026B =   619          mon_0100.asm:271
workspace         = $0300 =   768          mon_0100.asm:401 (unused)
write_mode        = $018E =   398          mon_0100.asm:105
write_mode.exit   = $01B2 =   434          mon_0100.asm:124


total time: 0.0023 sec.
no errors
