                        ; --------------------------------------
                        ; zasm: assemble "test.asm"
                        ; date: 2025-10-25 14:23:35
                        ; --------------------------------------


                        ;#include "lib_rom_mon.inc"
                        
0000:                   CONSTA  equ     $00
0001:                   CONIO   equ     $01
                        
1000:                           org     01000h
                        
1000: 214B10   [10]             ld      hl, crlf
1003: CD4310   [27]             call    print_hl
1006: 0607     [34]             ld      b, 7
1008: 1602     [41]             ld      d, 2
100A: DB00     [11]     start:  in      a, (CONSTA)
100C: A7       [15]             and     a
100D: 28FB     [22|27]          jr      z, start
100F: D301     [33]             out     (CONIO), a
1011: 214E10   [43]             ld      hl, startmsg
1014: CD4310   [60]             call    print_hl
                        
1017: DB01     [11]     repeat: in      a, (CONIO)
1019: 4F       [15]             ld      c, a
101A: CB01     [23]             rlc     c
101C: CB01     [31]             rlc     c
101E: CB01     [39]             rlc     c
1020: CB01     [47]             rlc     c
1022: 3E0F     [54]             ld      a, $0f
1024: A1       [58]             and     c
1025: C630     [65]             add     '0'
1027: D301     [76]             out     (CONIO), a
1029: CB01     [84]             rlc     c
102B: CB01     [92]             rlc     c
102D: CB01     [100]            rlc     c
102F: CB01     [108]            rlc     c
1031: 3E0F     [115]            ld      a, $0f
1033: A1       [119]            and     c
1034: C630     [126]            add     '0'
1036: D301     [137]            out     (CONIO), a
1038: 214B10   [147]            ld      hl, crlf
103B: CD4310   [164]            call    print_hl
103E: 10D7     [172|177]        djnz    repeat
                        
1040: C30001   [182]            jp      0100h
                                
                        
                        
1043:                   print_hl:
1043: 7E       [ 7]             ld      a, (hl)
1044: A7       [11]             and     a
1045: C8       [16|22]          ret     z
1046: D301     [27]             out     (CONIO), a
1048: 23       [33]             inc     hl
1049: 18F8     [45]             jr      print_hl
                        
104B: 0D0A00            crlf:   db      $0d, $0a, 0
104E:                   startmsg:
104E: 73746172                  db      "start", $0d, $0a, 0
1052: 740D0A00          


; +++ segments +++

#CODE          = $1000 =  4096,  size = $0056 =    86

; +++ global symbols +++

CONIO    = $0001 =     1          test.asm:4
CONSTA   = $0000 =     0          test.asm:3
_end     = $1056 =  4182          test.asm:6 (unused)
_size    = $0056 =    86          test.asm:6 (unused)
crlf     = $104B =  4171          test.asm:53
print_hl = $1043 =  4163          test.asm:45
repeat   = $1017 =  4119          test.asm:19
start    = $100A =  4106          test.asm:12
startmsg = $104E =  4174          test.asm:54


total time: 0.0007 sec.
no errors
