                        ; --------------------------------------
                        ; zasm: assemble "test.asm"
                        ; date: 2025-10-08 00:24:08
                        ; --------------------------------------


                        #include "lib_rom_mon.inc"
F000:                   mon               = $F000
F1E2:                   clk_spd_change    = $F1E2 
F164:                   dump              = $F164
F0C5:                   getln             = $F0C5 
F1AD:                   hex2nib           = $F1AD
F1CB:                   hexstr_de         = $F1CB 
F120:                   print_byte        = $F120
F12D:                   print_endl        = $F12D 
F13E:                   print_err_msg     = $F13E
F111:                   print_nibble      = $F111
F136:                   print_str_hl      = $F136 
                        
0000:                   CONSTA  equ     $00
0001:                   CONIO   equ     $01
                        
1000:                           org     01000h
1000:                   vt_test:
1000: 212010   [10]             ld      hl , wrkspc
1003: CD36F1   [27]             call    print_str_hl
1006: CD2DF1   [44]             call    print_endl
1009: C300F0   [54]             jp      mon
                        
                        
                                org 01020h
1020:                   wrkspc:
1020: 0A0D                      db $0a, $0d
                        
1022: 48656C6C                  db "Hello, my friends!!!"
1026: 6F2C206D          
102A: 79206672          
102E: 69656E64          
1032: 73212121          
                                ; db  $08, $08, $08, $07, $07
1036: 1B5B441B                  db $1b, "[D", $1b, "[D", $1b, "[D", $1b, "[D", $1b, "[D"
103A: 5B441B5B          
103E: 441B5B44          
1042: 1B5B44            
1045: 1B5B501B                  db  $1b, "[P", $1b, "[P"
1049: 5B50              
104B: 00                        db 0
                        
                                org  01050h
                        ; ASCII CONTROL CODE
1050:                   BACKSPACE:
1050: 08                        db  $08
1051: 07                BEEP:   db  $07
1052: 7F                DELETE: db  $7f
                        
                        ; VT100 ESC sequences
                        ;
1053:                   CLRSCRN:
1053: 1B5B481B                  db  $1b, "[H", $1b, "2J", 0
1057: 324A00            
105A:                   HOMEPOS:
105A: 1B5B4800                  db  $1b, "[H", 0
105E:                   CURSORLEFT:
105E: 1B5B44                    db  $1b, "[D"
1061:                   DELETE_CHAR:
1061: 1B5B50                    db  $1b, "[P"


; +++ segments +++

#CODE          = $1000 =  4096,  size = $0064 =   100

; +++ global symbols +++

BACKSPACE      = $1050 =  4176          test.asm:26 (unused)
BEEP           = $1051 =  4177          test.asm:28 (unused)
CLRSCRN        = $1053 =  4179          test.asm:33 (unused)
CONIO          = $0001 =     1          test.asm:4 (unused)
CONSTA         = $0000 =     0          test.asm:3 (unused)
CURSORLEFT     = $105E =  4190          test.asm:37 (unused)
DELETE         = $1052 =  4178          test.asm:29 (unused)
DELETE_CHAR    = $1061 =  4193          test.asm:39 (unused)
HOMEPOS        = $105A =  4186          test.asm:35 (unused)
_end           = $1064 =  4196          lib_rom_mon.inc:5 (unused)
_size          = $0064 =   100          lib_rom_mon.inc:5 (unused)
clk_spd_change = $F1E2 = 61922          lib_rom_mon.inc:2 (unused)
dump           = $F164 = 61796          lib_rom_mon.inc:3 (unused)
getln          = $F0C5 = 61637          lib_rom_mon.inc:4 (unused)
hex2nib        = $F1AD = 61869          lib_rom_mon.inc:5 (unused)
hexstr_de      = $F1CB = 61899          lib_rom_mon.inc:6 (unused)
mon            = $F000 = 61440          lib_rom_mon.inc:1
print_byte     = $F120 = 61728          lib_rom_mon.inc:7 (unused)
print_endl     = $F12D = 61741          lib_rom_mon.inc:8
print_err_msg  = $F13E = 61758          lib_rom_mon.inc:9 (unused)
print_nibble   = $F111 = 61713          lib_rom_mon.inc:10 (unused)
print_str_hl   = $F136 = 61750          lib_rom_mon.inc:11
vt_test        = $1000 =  4096          test.asm:7 (unused)
wrkspc         = $1020 =  4128          test.asm:15


total time: 0.0006 sec.
no errors
